// Jest Snapshot v1, https://goo.gl/fbAQLP

exports[`renders correctly 1`] = `
<form>
  <fieldset>
    <fieldset
      className="form-group"
    >
      <input
        className="form-control form-control-lg"
        onChange={[Function]}
        placeholder="Article Title"
        type="text"
        value="test"
      />
    </fieldset>
    <fieldset
      className="form-group"
    >
      <input
        className="form-control"
        onChange={[Function]}
        placeholder="What's this article about?"
        type="text"
        value="test"
      />
    </fieldset>
    <fieldset
      className="form-group"
    >
      <textarea
        className="form-control"
        onChange={[Function]}
        placeholder="Write your article (in markdown)"
        rows="8"
        value="test"
      />
    </fieldset>
    <fieldset
      className="form-group"
    >
      <input
        className="form-control"
        onChange={[Function]}
        placeholder="Enter tags"
        type="text"
      />
      <div
        className="tag-list"
      />
    </fieldset>
    <button
      className="btn btn-lg pull-xs-right btn-primary"
      onClick={[Function]}
      type="button"
    >
      Publish Article
    </button>
    <div
      className="sign_Alert"
    >
       
      
       
    </div>
  </fieldset>
</form>
`;
