// Jest Snapshot v1, https://goo.gl/fbAQLP

exports[`renders correctly 1`] = `
<button
  className="btn btn-outline-primary btn-sm pull-xs-right myButton-0-2-1"
  onClick={[Function]}
  type="button"
>
  <img
    alt=""
    src="../icon/002-heart-2.png"
  />
  NaN
</button>
`;
