// Jest Snapshot v1, https://goo.gl/fbAQLP

exports[`renders correctly 1`] = `
<div
  className="articles-toggle"
>
  <ul
    className="nav nav-pills outline-active"
  />
</div>
`;
