// Jest Snapshot v1, https://goo.gl/fbAQLP

exports[`renders correctly 1`] = `
<nav>
  <ul
    className="pagination"
  />
</nav>
`;
