// Jest Snapshot v1, https://goo.gl/fbAQLP

exports[`renders correctly 1`] = `
<div>
  <div
    className="article-preview"
  >
    No articles are here... yet.
  </div>
</div>
`;
