// Jest Snapshot v1, https://goo.gl/fbAQLP

exports[`renders correctly 1`] = `
<div
  className="row"
>
  <div
    className="col-xs-12 col-md-8 offset-md-2"
  />
</div>
`;
